---
source: compiler/src/compiler.rs
expression: "compile([[\"fn\".into(), [\"x\".into()].into(),\n                            [\"let\".into(), \"y\".into(), \"x\".into()].into(),\n                            [\"let\".into(), \"z\".into(), \"y\".into()].into(),\n                            \"z\".into()].into()]).await"
---
jump 7
peek 0
peek 0
peek 0
return
close 3 1 0 []
dump
drop
