---
source: compiler/src/compiler.rs
expression: "compile([[\"fn\".into(), [\"x\".into()].into(),\n                            [\"let\".into(), \"y\".into(), \"x\".into()].into(),\n                            \"y\".into()].into()]).await"
---
[
    Jump {
        pointer: 9,
    },
    Local(
        0,
    ),
    Local(
        0,
    ),
    Return {
        frame_size: 2,
    },
    Close {
        pointer: 3,
        arity: 1,
        environment_size: 0,
        environment: [],
    },
    Dump,
    Drop,
]
