---
source: compiler/src/compiler.rs
expression: "compile([[\"let\".into(), \"f\".into(),\n                            [\"fn\".into(), [].into(),\n                                        [\"if\".into(), 1.0.into(), 2.0.into(), 3.0.into(),\n                                                    4.0.into(), 5.0.into()].into()].into()].into()]).await"
---
jump 15
float64 1
branch 12
float64 3
branch e
float64 5
jump 10
float64 4
jump 14
float64 2
return
close 2 0 0
