---
source: compiler/src/compiler.rs
expression: "compile([[\"let\".into(), \"x\".into(), 42.0.into()].into(),\n                [\"fn\".into(), [].into(),\n                            [\"fn\".into(), [].into(), \"x\".into()].into()].into()]).await"
---
float64 42
jump 10
jump 9
environment 0
return
environment 0
close 6 0 1
return
peek 0
close 4 0 1
dump
drop
