---
source: compiler/src/compiler.rs
expression: "compile([[\"let\".into(), \"x\".into(),\n                            [\"if\".into(), NIL, 1.0.into(), NIL, 2.0.into(),\n                                        3.0.into()].into()].into()]).await"
---
nil
branch 1c
nil
branch c
float64 3
jump 9
float64 2
jump 9
float64 1
